WARNING: Running pip as the 'root' user can result in broken permissions and conflicting behaviour with the system package manager, possibly rendering your system unusable. It is recommended to use a virtual environment instead: https://pip.pypa.io/warnings/venv. Use the --root-user-action option if you know what you are doing and want to suppress this warning.
=== model_selection smoke test ===
ml_pipeline=/workspace/ml_pipeline
smoke_out=/workspace/ml_pipeline/pipeline_benchmarking/model_selection/smoke_tmp
  [OK] FEATURES: /workspace/ml_pipeline/data/frozen/selected_features.json
  [OK] PILOT_TARGETS: /workspace/ml_pipeline/data/frozen/selected_targets.txt
  [OK] SPLITS: /workspace/ml_pipeline/data/splits
  [OK] bulk X_train: /workspace/ml_pipeline/data/splits/bulk/X_train.parquet
  [OK] shared.dl_trainers: /workspace/ml_pipeline/shared/dl_trainers.py
  [OK] deps.imputation: /workspace/ml_pipeline/deps/imputation/model_loader.py
target=hsa-mir-1180-3p n_feat=185 model=xgb_default
Building modality bundle...
/workspace/ml_pipeline/deps/imputation/model_loader.py:41: RuntimeWarning: Mean of empty slice
  imputed = np.nanmean(neigh_vals, axis=1)
/workspace/ml_pipeline/deps/imputation/model_loader.py:41: RuntimeWarning: Mean of empty slice
  imputed = np.nanmean(neigh_vals, axis=1)
Bundle ready in 51.0s | train=29777 inner_val=5255
{
  "status": "ok",
  "model": "xgb_default",
  "target": "hsa-mir-1180-3p",
  "n_features": 185,
  "train_sec": 1.17,
  "inner_val_r2": 0.6976294370946057,
  "outer_val_k1_r2": 0.023822146731742655,
  "smoke_root": "/workspace/ml_pipeline/pipeline_benchmarking/model_selection/smoke_tmp",
  "device": "cpu"
}
=== smoke OK ===
